[2026-09-28 08:10:18] User: alice Operation: REGISTER Target: alice Status: SUCCESS
[2026-09-28 08:10:18] User: bob Operation: REGISTER Target: bob Status: SUCCESS
[2026-09-28 08:10:18] User: charlie Operation: REGISTER Target: charlie Status: SUCCESS
[2026-09-28 08:10:19] User: kshitiz Operation: REGISTER Target: kshitiz Status: SUCCESS
[2026-09-28 08:10:39] User: kshitiz Operation: LOGIN Target: kshitiz Status: SUCCESS
[2026-09-28 08:25:00] User: alice Operation: REGISTER Target: alice Status: SUCCESS
[2026-09-28 08:25:00] User: bob Operation: REGISTER Target: bob Status: SUCCESS
[2026-09-28 08:25:01] User: charlie Operation: REGISTER Target: charlie Status: SUCCESS
[2026-09-28 08:25:01] User: kshitiz Operation: LOGIN Target: kshitiz Status: FAILURE
[2026-09-28 08:25:11] User: kshitiz Operation: LOGIN Target: kshitiz Status: FAILURE
[2026-09-28 08:25:11] User: kshitiz Operation: LOGIN Target: kshitiz Status: FAILURE
[2026-09-28 08:25:11] User: kshitiz Operation: LOGIN Target: kshitiz Status: FAILURE
[2026-09-28 08:25:12] User: kshitiz Operation: LOGIN Target: kshitiz Status: FAILURE
[2026-09-28 08:25:27] User: alice Operation: LOGIN Target: alice Status: SUCCESS
[2026-09-28 08:27:26] User: bob Operation: LOGIN Target: bob Status: SUCCESS
[2026-09-28 08:27:36] User: bob Operation: CREATE_DIRECTORY Target: /pranay Status: FAILURE
[2026-09-28 08:27:40] User: alice Operation: LOGIN Target: alice Status: SUCCESS
[2026-09-28 08:28:09] User: alice Operation: LOGIN Target: alice Status: SUCCESS
[2026-09-28 08:29:37] User: alice Operation: LOGIN Target: alice Status: SUCCESS
[2026-09-28 08:29:40] User: alice Operation: CREATE_DIRECTORY Target: /kshitiz Status: FAILURE
[2026-09-28 08:29:51] User: alice Operation: LOGIN Target: alice Status: SUCCESS
[2026-09-28 08:30:07] User: alice Operation: LOGIN Target: alice Status: SUCCESS
[2026-09-28 08:30:11] User: alice Operation: CREATE_DIRECTORY Target: /kshitiz Status: FAILURE
[2026-09-28 08:30:58] User: alice Operation: LOGIN Target: alice Status: SUCCESS
[2026-09-28 08:31:02] User: alice Operation: CREATE_DIRECTORY Target: kshitiz Status: SUCCESS
[2026-09-28 08:31:13] User: alice Operation: LOGIN Target: alice Status: SUCCESS
[2026-09-28 08:31:13] User: alice Operation: CREATE_DIRECTORY Target: browser-test Status: SUCCESS
[2026-09-28 08:31:35] User: alice Operation: LOGIN Target: alice Status: SUCCESS
[2026-09-28 08:31:42] User: alice Operation: UPLOAD Target: RESUME_F.pdf Status: SUCCESS
[2026-09-28 08:33:12] User: alice Operation: REGISTER Target: alice Status: SUCCESS
[2026-09-28 08:33:14] User: bob Operation: REGISTER Target: bob Status: SUCCESS
[2026-09-28 08:33:15] User: charlie Operation: REGISTER Target: charlie Status: SUCCESS
[2026-09-28 08:33:18] User: alice Operation: LOGIN Target: alice Status: SUCCESS
[2026-09-28 08:33:20] User: alice Operation: LOGIN Target: alice Status: SUCCESS
[2026-09-28 08:33:21] User: alice Operation: LOGIN Target: alice Status: SUCCESS
[2026-09-28 08:33:22] User: alice Operation: LOGIN Target: alice Status: SUCCESS
[2026-09-28 08:33:24] User: alice Operation: LOGIN Target: alice Status: SUCCESS
[2026-09-28 08:33:25] User: alice Operation: LOGIN Target: alice Status: SUCCESS
[2026-09-28 08:33:27] User: alice Operation: LOGIN Target: alice Status: SUCCESS
[2026-09-28 08:33:28] User: alice Operation: LOGIN Target: alice Status: SUCCESS
[2026-09-28 08:33:29] User: alice Operation: LOGIN Target: alice Status: SUCCESS
[2026-09-28 08:33:31] User: alice Operation: LOGIN Target: alice Status: SUCCESS
[2026-09-28 08:33:32] User: alice Operation: LOGIN Target: alice Status: SUCCESS
[2026-09-28 08:33:35] User: alice Operation: LOGIN Target: alice Status: SUCCESS
[2026-09-28 08:33:46] User: alice Operation: UPLOAD Target: RESUME_F.pdf Status: SUCCESS
[2026-09-28 08:55:26] User: alice Operation: LOGIN Target: alice Status: SUCCESS
[2026-09-28 08:55:36] User: alice Operation: CREATE_DIRECTORY Target: asdm Status: SUCCESS
[2026-09-28 08:55:41] User: alice Operation: UPLOAD Target: RESUME_F.pdf Status: SUCCESS
[2026-09-28 08:57:40] User: alice Operation: REGISTER Target: alice Status: SUCCESS
[2026-09-28 08:57:40] User: bob Operation: REGISTER Target: bob Status: SUCCESS
[2026-09-28 08:57:40] User: charlie Operation: REGISTER Target: charlie Status: SUCCESS
[2026-09-28 08:57:40] User: SERVER Operation: START Target: 9090 Status: SUCCESS
[2026-09-28 08:57:44] User: alice Operation: LOGIN Target: alice Status: SUCCESS
[2026-09-28 08:57:45] User: alice Operation: LIST_DIRECTORIES Target: / Status: SUCCESS
[2026-09-28 08:57:45] User: alice Operation: LIST_FILES Target: / Status: SUCCESS
[2026-09-28 08:57:55] User: SERVER Operation: SERVER_INFO Target: SERVER Status: SUCCESS
[2026-09-28 08:57:56] User: alice Operation: ACTIVITY_LOGS Target: alice Status: SUCCESS
[2026-09-28 08:57:59] User: SERVER Operation: SERVER_INFO Target: SERVER Status: SUCCESS
[2026-09-28 08:58:00] User: alice Operation: LIST_DIRECTORIES Target: / Status: SUCCESS
[2026-09-28 08:58:00] User: alice Operation: LIST_FILES Target: / Status: SUCCESS
[2026-09-28 08:58:02] User: alice Operation: ACTIVITY_LOGS Target: alice Status: SUCCESS
[2026-09-28 08:58:05] User: alice Operation: LIST_DIRECTORIES Target: / Status: SUCCESS
[2026-09-28 08:58:05] User: alice Operation: LIST_FILES Target: / Status: SUCCESS
[2026-09-28 08:58:26] User: alice Operation: WRITE_TEXT Target: abc.txt Status: SUCCESS
[2026-09-28 08:58:27] User: alice Operation: LIST_DIRECTORIES Target: / Status: SUCCESS
[2026-09-28 08:58:27] User: alice Operation: LIST_FILES Target: / Status: SUCCESS
[2026-09-28 08:58:39] User: alice Operation: FILE_INFO Target: abc.txt Status: SUCCESS
[2026-09-28 08:58:43] User: alice Operation: HASH Target: abc.txt Status: SUCCESS
[2026-09-28 08:58:50] User: alice Operation: DOWNLOAD Target: abc.txt Status: SUCCESS
[2026-09-28 09:00:22] User: bob Operation: LOGIN Target: bob Status: SUCCESS
[2026-09-28 09:00:22] User: bob Operation: LIST_DIRECTORIES Target: / Status: SUCCESS
[2026-09-28 09:00:22] User: bob Operation: LIST_FILES Target: / Status: SUCCESS
[2026-09-28 09:00:27] User: SERVER Operation: SERVER_INFO Target: SERVER Status: SUCCESS
[2026-09-28 09:00:28] User: bob Operation: LIST_DIRECTORIES Target: / Status: SUCCESS
[2026-09-28 09:00:28] User: bob Operation: LIST_FILES Target: / Status: SUCCESS
[2026-09-28 09:00:44] User: bob Operation: UPLOAD Target: SDE.docx Status: SUCCESS
[2026-09-28 09:00:45] User: bob Operation: LIST_DIRECTORIES Target: / Status: SUCCESS
[2026-09-28 09:00:45] User: bob Operation: LIST_FILES Target: / Status: SUCCESS
[2026-09-28 09:00:50] User: bob Operation: FILE_INFO Target: SDE.docx Status: SUCCESS
[2026-09-28 09:02:47] User: bob Operation: COMPRESS Target:  ->  Status: SUCCESS
[2026-09-28 09:02:49] User: bob Operation: LIST_DIRECTORIES Target: / Status: SUCCESS
[2026-09-28 09:02:49] User: bob Operation: LIST_FILES Target: / Status: SUCCESS
[2026-09-28 09:02:52] User: bob Operation: LIST_DIRECTORIES Target: / Status: SUCCESS
[2026-09-28 09:02:52] User: bob Operation: LIST_FILES Target: / Status: SUCCESS
[2026-09-28 09:02:56] User: alice Operation: LOGIN Target: alice Status: SUCCESS
[2026-09-28 09:02:56] User: bob Operation: LOGOUT Target: bob Status: SUCCESS
[2026-09-28 09:02:56] User: alice Operation: LIST_DIRECTORIES Target: / Status: SUCCESS
[2026-09-28 09:02:56] User: alice Operation: LIST_FILES Target: / Status: SUCCESS
[2026-09-28 09:03:27] User: SERVER Operation: SERVER_INFO Target: SERVER Status: SUCCESS
[2026-09-28 09:10:17] User: alice Operation: LOGIN Target: alice Status: SUCCESS
[2026-09-28 09:10:17] User: alice Operation: LOGOUT Target: alice Status: SUCCESS
[2026-09-28 09:10:17] User: alice Operation: LIST_DIRECTORIES Target: / Status: SUCCESS
[2026-09-28 09:10:17] User: alice Operation: LIST_FILES Target: / Status: SUCCESS
[2026-09-28 09:10:21] User: alice Operation: ACTIVITY_LOGS Target: alice Status: SUCCESS
[2026-09-28 09:10:25] User: SERVER Operation: SERVER_INFO Target: SERVER Status: SUCCESS
[2026-09-28 09:10:28] User: SERVER Operation: SERVER_INFO Target: SERVER Status: SUCCESS
[2026-09-28 09:10:29] User: alice Operation: ACTIVITY_LOGS Target: alice Status: SUCCESS
[2026-09-28 09:10:33] User: alice Operation: LIST_DIRECTORIES Target: / Status: SUCCESS
[2026-09-28 09:10:33] User: alice Operation: LIST_FILES Target: / Status: SUCCESS
[2026-09-28 09:11:03] User: alice Operation: LIST_DIRECTORIES Target: asdm Status: SUCCESS
[2026-09-28 09:11:03] User: alice Operation: LIST_FILES Target: asdm Status: SUCCESS
[2026-09-28 09:11:05] User: alice Operation: LIST_DIRECTORIES Target: / Status: SUCCESS
[2026-09-28 09:11:05] User: alice Operation: LIST_FILES Target: / Status: SUCCESS
[2026-09-28 09:11:07] User: alice Operation: LIST_DIRECTORIES Target: asdm Status: SUCCESS
[2026-09-28 09:11:07] User: alice Operation: LIST_FILES Target: asdm Status: SUCCESS
[2026-09-28 09:11:12] User: alice Operation: LIST_DIRECTORIES Target: / Status: SUCCESS
[2026-09-28 09:11:12] User: alice Operation: LIST_FILES Target: / Status: SUCCESS
[2026-09-28 09:11:29] User: alice Operation: LIST_DIRECTORIES Target: / Status: SUCCESS
[2026-09-28 09:11:29] User: alice Operation: LIST_FILES Target: / Status: SUCCESS
[2026-09-28 09:11:53] User: alice Operation: READ_TEXT Target: RESUME_F.pdf Status: SUCCESS
[2026-09-28 09:12:54] User: alice Operation: FILE_INFO Target: abc.txt Status: SUCCESS
[2026-09-28 09:13:17] User: alice Operation: MOVE Target: abc.txt -> asdm Status: FAILURE: Cannot create a file when that file already exists.\r\n
[2026-09-28 09:13:36] User: SERVER Operation: SERVER_INFO Target: SERVER Status: SUCCESS
[2026-09-28 09:13:40] User: alice Operation: LIST_DIRECTORIES Target: / Status: SUCCESS
[2026-09-28 09:13:40] User: alice Operation: LIST_FILES Target: / Status: SUCCESS
[2026-09-28 09:13:41] User: alice Operation: ACTIVITY_LOGS Target: alice Status: SUCCESS
[2026-09-28 09:14:20] User: alice Operation: LIST_DIRECTORIES Target: / Status: SUCCESS
[2026-09-28 09:14:20] User: alice Operation: LIST_FILES Target: / Status: SUCCESS
[2026-09-28 09:14:31] User: alice Operation: LIST_DIRECTORIES Target: kshitiz Status: SUCCESS
[2026-09-28 09:14:31] User: alice Operation: LIST_FILES Target: kshitiz Status: SUCCESS
[2026-09-28 09:14:33] User: alice Operation: LIST_DIRECTORIES Target: / Status: SUCCESS
[2026-09-28 09:14:33] User: alice Operation: LIST_FILES Target: / Status: SUCCESS
[2026-09-28 09:16:03] User: alice Operation: REGISTER Target: alice Status: SUCCESS
[2026-09-28 09:16:04] User: bob Operation: REGISTER Target: bob Status: SUCCESS
[2026-09-28 09:16:04] User: charlie Operation: REGISTER Target: charlie Status: SUCCESS
[2026-09-28 09:16:04] User: SERVER Operation: START Target: 9090 Status: SUCCESS
[2026-09-28 09:16:39] User: alice Operation: LOGIN Target: alice Status: SUCCESS
[2026-09-28 09:16:39] User: alice Operation: LIST_DIRECTORIES Target: / Status: SUCCESS
[2026-09-28 09:16:39] User: alice Operation: LIST_FILES Target: / Status: SUCCESS
[2026-09-28 09:16:50] User: alice Operation: LIST_DIRECTORIES Target: asdm Status: SUCCESS
[2026-09-28 09:16:50] User: alice Operation: LIST_FILES Target: asdm Status: SUCCESS
[2026-09-28 09:16:52] User: alice Operation: LIST_DIRECTORIES Target: asdm Status: SUCCESS
[2026-09-28 09:16:52] User: alice Operation: LIST_FILES Target: asdm Status: SUCCESS
[2026-09-28 09:16:56] User: alice Operation: SEARCH Target: abc Status: SUCCESS
[2026-09-28 09:16:56] User: alice Operation: SEARCH Target: abc Status: SUCCESS
[2026-09-28 09:16:59] User: alice Operation: LIST_DIRECTORIES Target: asdm Status: SUCCESS
[2026-09-28 09:16:59] User: alice Operation: LIST_FILES Target: asdm Status: SUCCESS
[2026-09-28 09:17:01] User: alice Operation: LIST_DIRECTORIES Target: asdm Status: SUCCESS
[2026-09-28 09:17:01] User: alice Operation: LIST_FILES Target: asdm Status: SUCCESS
[2026-09-28 09:17:03] User: alice Operation: LOGIN Target: alice Status: SUCCESS
[2026-09-28 09:17:03] User: alice Operation: LOGOUT Target: alice Status: SUCCESS
[2026-09-28 09:17:03] User: alice Operation: LIST_DIRECTORIES Target: / Status: SUCCESS
[2026-09-28 09:17:03] User: alice Operation: LIST_FILES Target: / Status: SUCCESS
[2026-09-28 09:17:05] User: alice Operation: LIST_DIRECTORIES Target: / Status: SUCCESS
[2026-09-28 09:17:05] User: alice Operation: LIST_FILES Target: / Status: SUCCESS
[2026-09-28 09:17:12] User: alice Operation: SEARCH Target: abc.txt Status: SUCCESS
[2026-09-28 09:17:15] User: alice Operation: LIST_DIRECTORIES Target: / Status: SUCCESS
[2026-09-28 09:17:15] User: alice Operation: LIST_FILES Target: / Status: SUCCESS
[2026-09-28 09:17:57] User: alice Operation: ACTIVITY_LOGS Target: alice Status: SUCCESS
[2026-09-28 09:18:00] User: SERVER Operation: SERVER_INFO Target: SERVER Status: SUCCESS
[2026-09-28 09:18:02] User: alice Operation: LIST_DIRECTORIES Target: / Status: SUCCESS
[2026-09-28 09:18:02] User: alice Operation: LIST_FILES Target: / Status: SUCCESS
[2026-09-28 09:22:45] User: alice Operation: ACTIVITY_LOGS Target: alice Status: SUCCESS
[2026-09-28 09:22:48] User: alice Operation: LIST_DIRECTORIES Target: / Status: SUCCESS
[2026-09-28 09:22:48] User: alice Operation: LIST_FILES Target: / Status: SUCCESS
[2026-09-28 09:25:08] User: alice Operation: ACTIVITY_LOGS Target: alice Status: SUCCESS
[2026-09-28 09:25:09] User: SERVER Operation: SERVER_INFO Target: SERVER Status: SUCCESS
[2026-09-28 09:25:23] User: bob Operation: LOGIN Target: bob Status: SUCCESS
[2026-09-28 09:25:23] User: alice Operation: LOGOUT Target: alice Status: SUCCESS
[2026-09-28 09:25:23] User: bob Operation: LIST_DIRECTORIES Target: / Status: SUCCESS
[2026-09-28 09:25:23] User: bob Operation: LIST_FILES Target: / Status: SUCCESS
[2026-09-28 09:25:24] User: bob Operation: ACTIVITY_LOGS Target: bob Status: SUCCESS
[2026-09-28 09:25:25] User: SERVER Operation: SERVER_INFO Target: SERVER Status: SUCCESS
[2026-09-28 09:35:04] User: alice Operation: LOGIN Target: alice Status: SUCCESS
[2026-09-28 09:35:04] User: alice Operation: LIST_DIRECTORIES Target: / Status: SUCCESS
[2026-09-28 09:35:04] User: alice Operation: LIST_FILES Target: / Status: SUCCESS
[2026-09-28 09:35:05] User: alice Operation: LIST_DIRECTORIES Target: kshitiz Status: SUCCESS
[2026-09-28 09:35:05] User: alice Operation: LIST_FILES Target: kshitiz Status: SUCCESS
[2026-09-28 09:35:06] User: alice Operation: LIST_DIRECTORIES Target: kshitiz Status: SUCCESS
[2026-09-28 09:35:06] User: alice Operation: LIST_FILES Target: kshitiz Status: SUCCESS
[2026-09-28 09:35:07] User: alice Operation: LIST_DIRECTORIES Target: kshitiz Status: SUCCESS
[2026-09-28 09:35:07] User: alice Operation: LIST_FILES Target: kshitiz Status: SUCCESS
[2026-09-28 09:35:09] User: alice Operation: LOGIN Target: alice Status: SUCCESS
[2026-09-28 09:35:09] User: alice Operation: LOGOUT Target: alice Status: SUCCESS
[2026-09-28 09:35:09] User: alice Operation: LIST_DIRECTORIES Target: / Status: SUCCESS
[2026-09-28 09:35:09] User: alice Operation: LIST_FILES Target: / Status: SUCCESS
[2026-09-28 09:35:14] User: alice Operation: LIST_DIRECTORIES Target: asdm Status: SUCCESS
[2026-09-28 09:35:14] User: alice Operation: LIST_FILES Target: asdm Status: SUCCESS
[2026-09-28 09:35:15] User: alice Operation: LIST_DIRECTORIES Target: / Status: SUCCESS
[2026-09-28 09:35:15] User: alice Operation: LIST_FILES Target: / Status: SUCCESS
[2026-09-28 09:35:26] User: alice Operation: COMPRESS Target: asdm -> asdm.zip Status: SUCCESS
[2026-09-28 09:35:28] User: alice Operation: LIST_DIRECTORIES Target: / Status: SUCCESS
[2026-09-28 09:35:28] User: alice Operation: LIST_FILES Target: / Status: SUCCESS
[2026-09-28 09:35:59] User: alice Operation: FILE_INFO Target: asdm.zip Status: SUCCESS
[2026-09-28 09:36:25] User: alice Operation: ACTIVITY_LOGS Target: alice Status: SUCCESS
[2026-09-28 09:36:27] User: SERVER Operation: SERVER_INFO Target: SERVER Status: SUCCESS
[2026-09-28 09:36:38] User: alice Operation: LIST_DIRECTORIES Target: / Status: SUCCESS
[2026-09-28 09:36:38] User: alice Operation: LIST_FILES Target: / Status: SUCCESS
[2026-09-28 09:36:58] User: alice Operation: LOGIN Target: alice Status: SUCCESS
[2026-09-28 09:36:58] User: alice Operation: LOGOUT Target: alice Status: SUCCESS
[2026-09-28 09:36:58] User: alice Operation: LIST_DIRECTORIES Target: / Status: SUCCESS
[2026-09-28 09:36:58] User: alice Operation: LIST_FILES Target: / Status: SUCCESS
[2026-09-28 09:37:29] User: alice Operation: FILE_INFO Target: RESUME_F.pdf Status: SUCCESS
[2026-09-28 09:39:46] User: alice Operation: ACTIVITY_LOGS Target: alice Status: SUCCESS
[2026-09-28 09:39:50] User: alice Operation: LIST_DIRECTORIES Target: / Status: SUCCESS
[2026-09-28 09:39:50] User: alice Operation: LIST_FILES Target: / Status: SUCCESS
[2026-09-28 09:39:51] User: alice Operation: LIST_DIRECTORIES Target: / Status: SUCCESS
[2026-09-28 09:39:51] User: alice Operation: LIST_FILES Target: / Status: SUCCESS
[2026-09-28 09:40:11] User: alice Operation: LIST_DIRECTORIES Target: kshitiz Status: SUCCESS
[2026-09-28 09:40:11] User: alice Operation: LIST_FILES Target: kshitiz Status: SUCCESS
[2026-09-28 09:40:12] User: alice Operation: LIST_DIRECTORIES Target: / Status: SUCCESS
[2026-09-28 09:40:12] User: alice Operation: LIST_FILES Target: / Status: SUCCESS
[2026-09-28 09:40:13] User: alice Operation: LIST_DIRECTORIES Target: asdm Status: SUCCESS
[2026-09-28 09:40:13] User: alice Operation: LIST_FILES Target: asdm Status: SUCCESS
[2026-09-28 09:40:14] User: alice Operation: LIST_DIRECTORIES Target: / Status: SUCCESS
[2026-09-28 09:40:14] User: alice Operation: LIST_FILES Target: / Status: SUCCESS
[2026-09-28 09:40:15] User: alice Operation: LIST_DIRECTORIES Target: browser-test Status: SUCCESS
[2026-09-28 09:40:15] User: alice Operation: LIST_FILES Target: browser-test Status: SUCCESS
[2026-09-28 09:40:16] User: alice Operation: LIST_DIRECTORIES Target: / Status: SUCCESS
[2026-09-28 09:40:16] User: alice Operation: LIST_FILES Target: / Status: SUCCESS
[2026-09-28 09:40:27] User: alice Operation: WRITE_TEXT Target: asdm Status: FAILURE: Access to the path 'C:\DCS\RemoteFileManagement.Server\bin\Debug\Storage\Users\alice\asdm' is denied.
[2026-09-28 09:40:57] User: alice Operation: CREATE_DIRECTORY Target: new Status: SUCCESS
[2026-09-28 09:40:58] User: alice Operation: LIST_DIRECTORIES Target: / Status: SUCCESS
[2026-09-28 09:40:58] User: alice Operation: LIST_FILES Target: / Status: SUCCESS
[2026-09-28 09:41:15] User: alice Operation: WRITE_TEXT Target: note.txt Status: SUCCESS
[2026-09-28 09:41:16] User: alice Operation: LIST_DIRECTORIES Target: / Status: SUCCESS
[2026-09-28 09:41:16] User: alice Operation: LIST_FILES Target: / Status: SUCCESS
[2026-09-28 09:41:17] User: alice Operation: LIST_DIRECTORIES Target: new Status: SUCCESS
[2026-09-28 09:41:17] User: alice Operation: LIST_FILES Target: new Status: SUCCESS
[2026-09-28 09:41:20] User: alice Operation: LIST_DIRECTORIES Target: / Status: SUCCESS
[2026-09-28 09:41:20] User: alice Operation: LIST_FILES Target: / Status: SUCCESS
[2026-09-28 09:41:22] User: alice Operation: LIST_DIRECTORIES Target: new Status: SUCCESS
[2026-09-28 09:41:22] User: alice Operation: LIST_FILES Target: new Status: SUCCESS
[2026-09-28 09:41:25] User: alice Operation: LIST_DIRECTORIES Target: / Status: SUCCESS
[2026-09-28 09:41:25] User: alice Operation: LIST_FILES Target: / Status: SUCCESS
[2026-09-28 09:44:34] User: alice Operation: LIST_DIRECTORIES Target: asdm Status: SUCCESS
[2026-09-28 09:44:34] User: alice Operation: LIST_FILES Target: asdm Status: SUCCESS
[2026-09-28 09:44:38] User: alice Operation: LIST_DIRECTORIES Target: / Status: SUCCESS
[2026-09-28 09:44:38] User: alice Operation: LIST_FILES Target: / Status: SUCCESS
[2026-09-28 09:44:46] User: alice Operation: DELETE Target: RESUME_F.pdf Status: SUCCESS
[2026-09-28 09:44:47] User: alice Operation: LIST_DIRECTORIES Target: / Status: SUCCESS
[2026-09-28 09:44:47] User: alice Operation: LIST_FILES Target: / Status: SUCCESS
[2026-09-28 09:47:55] User: alice Operation: LOGIN Target: alice Status: SUCCESS
[2026-09-28 09:47:55] User: alice Operation: LOGOUT Target: alice Status: SUCCESS
[2026-09-28 09:47:55] User: alice Operation: LIST_DIRECTORIES Target: / Status: SUCCESS
[2026-09-28 09:47:55] User: alice Operation: LIST_FILES Target: / Status: SUCCESS
[2026-09-28 09:47:58] User: alice Operation: LIST_DIRECTORIES Target: kshitiz Status: SUCCESS
[2026-09-28 09:47:58] User: alice Operation: LIST_FILES Target: kshitiz Status: SUCCESS
[2026-09-28 09:47:59] User: alice Operation: LIST_DIRECTORIES Target: / Status: SUCCESS
[2026-09-28 09:47:59] User: alice Operation: LIST_FILES Target: / Status: SUCCESS
[2026-09-28 09:48:00] User: alice Operation: LIST_DIRECTORIES Target: asdm Status: SUCCESS
[2026-09-28 09:48:00] User: alice Operation: LIST_FILES Target: asdm Status: SUCCESS
[2026-09-28 09:48:01] User: alice Operation: LIST_DIRECTORIES Target: / Status: SUCCESS
[2026-09-28 09:48:01] User: alice Operation: LIST_FILES Target: / Status: SUCCESS
[2026-09-28 09:48:25] User: alice Operation: WRITE_TEXT Target: asdm Status: FAILURE: Access to the path 'C:\DCS\RemoteFileManagement.Server\bin\Debug\Storage\Users\alice\asdm' is denied.
[2026-09-28 09:51:20] User: alice Operation: REGISTER Target: alice Status: SUCCESS
[2026-09-28 09:51:21] User: bob Operation: REGISTER Target: bob Status: SUCCESS
[2026-09-28 09:51:21] User: charlie Operation: REGISTER Target: charlie Status: SUCCESS
[2026-09-28 09:51:21] User: SERVER Operation: START Target: 9090 Status: SUCCESS
[2026-09-28 09:51:44] User: alice Operation: LOGIN Target: alice Status: SUCCESS
[2026-09-28 09:51:44] User: alice Operation: LIST_DIRECTORIES Target: / Status: SUCCESS
[2026-09-28 09:51:44] User: alice Operation: LIST_FILES Target: / Status: SUCCESS
[2026-09-28 09:51:54] User: alice Operation: WRITE_TEXT Target: abc.txt Status: SUCCESS
[2026-09-28 09:51:55] User: alice Operation: LIST_DIRECTORIES Target: / Status: SUCCESS
[2026-09-28 09:51:55] User: alice Operation: LIST_FILES Target: / Status: SUCCESS
[2026-09-28 09:52:14] User: alice Operation: CREATE_DIRECTORY Target: nn Status: SUCCESS
[2026-09-28 09:52:15] User: alice Operation: LIST_DIRECTORIES Target: / Status: SUCCESS
[2026-09-28 09:52:15] User: alice Operation: LIST_FILES Target: / Status: SUCCESS
[2026-09-28 09:52:17] User: alice Operation: LIST_DIRECTORIES Target: nn Status: SUCCESS
[2026-09-28 09:52:17] User: alice Operation: LIST_FILES Target: nn Status: SUCCESS
[2026-09-28 09:52:18] User: alice Operation: LIST_DIRECTORIES Target: / Status: SUCCESS
[2026-09-28 09:52:18] User: alice Operation: LIST_FILES Target: / Status: SUCCESS
[2026-09-28 09:54:26] User: alice Operation: LOGIN Target: alice Status: SUCCESS
[2026-09-28 09:54:26] User: alice Operation: LIST_DIRECTORIES Target: / Status: SUCCESS
[2026-09-28 09:54:26] User: alice Operation: LIST_FILES Target: / Status: SUCCESS
[2026-09-28 09:54:26] User: alice Operation: LIST_DIRECTORIES Target: asdm Status: SUCCESS
[2026-09-28 09:54:26] User: alice Operation: LIST_FILES Target: asdm Status: SUCCESS
[2026-09-28 09:54:27] User: alice Operation: WRITE_TEXT Target: asdm/browser-check-1790569467301.txt Status: SUCCESS
[2026-09-28 09:54:27] User: alice Operation: LIST_DIRECTORIES Target: asdm Status: SUCCESS
[2026-09-28 09:54:27] User: alice Operation: LIST_FILES Target: asdm Status: SUCCESS
[2026-09-28 09:54:27] User: alice Operation: LIST_DIRECTORIES Target: asdm Status: SUCCESS
[2026-09-28 09:54:27] User: alice Operation: LIST_FILES Target: asdm Status: SUCCESS
[2026-09-28 09:54:27] User: alice Operation: LIST_DIRECTORIES Target: / Status: SUCCESS
[2026-09-28 09:54:27] User: alice Operation: LIST_FILES Target: / Status: SUCCESS
[2026-09-28 09:54:27] User: alice Operation: DELETE Target: asdm/browser-check-1790569467301.txt Status: SUCCESS
[2026-09-28 09:54:27] User: alice Operation: LOGOUT Target: alice Status: SUCCESS
[2026-09-28 09:55:27] User: alice Operation: LOGIN Target: alice Status: SUCCESS
[2026-09-28 09:55:27] User: alice Operation: LIST_DIRECTORIES Target: / Status: SUCCESS
[2026-09-28 09:55:27] User: alice Operation: LIST_FILES Target: / Status: SUCCESS
[2026-09-28 09:55:27] User: alice Operation: WRITE_TEXT Target: asdm/browser-check-1790569527800.txt Status: SUCCESS
[2026-09-28 09:55:27] User: alice Operation: LIST_DIRECTORIES Target: asdm Status: SUCCESS
[2026-09-28 09:55:27] User: alice Operation: LIST_FILES Target: asdm Status: SUCCESS
[2026-09-28 09:55:27] User: alice Operation: LIST_DIRECTORIES Target: asdm Status: SUCCESS
[2026-09-28 09:55:27] User: alice Operation: LIST_FILES Target: asdm Status: SUCCESS
[2026-09-28 09:55:27] User: alice Operation: LIST_DIRECTORIES Target: / Status: SUCCESS
[2026-09-28 09:55:27] User: alice Operation: LIST_FILES Target: / Status: SUCCESS
[2026-09-28 09:55:27] User: alice Operation: DELETE Target: asdm/browser-check-1790569527800.txt Status: SUCCESS
[2026-09-28 09:55:27] User: alice Operation: LOGOUT Target: alice Status: SUCCESS
[2026-09-28 09:55:36] User: alice Operation: LOGIN Target: alice Status: SUCCESS
[2026-09-28 09:55:36] User: alice Operation: LIST_DIRECTORIES Target: / Status: SUCCESS
[2026-09-28 09:55:36] User: alice Operation: LIST_FILES Target: / Status: SUCCESS
[2026-09-28 09:55:41] User: alice Operation: LOGIN Target: alice Status: SUCCESS
[2026-09-28 09:55:41] User: alice Operation: LOGOUT Target: alice Status: SUCCESS
[2026-09-28 09:55:41] User: alice Operation: LIST_DIRECTORIES Target: / Status: SUCCESS
[2026-09-28 09:55:41] User: alice Operation: LIST_FILES Target: / Status: SUCCESS
[2026-09-28 09:55:47] User: alice Operation: CREATE_DIRECTORY Target: ASDM Status: FAILURE: Directory already exists.
[2026-09-28 09:55:58] User: alice Operation: WRITE_TEXT Target: asdm/ABC.txt Status: SUCCESS
[2026-09-28 09:55:59] User: alice Operation: LIST_DIRECTORIES Target: asdm Status: SUCCESS
[2026-09-28 09:55:59] User: alice Operation: LIST_FILES Target: asdm Status: SUCCESS
[2026-09-28 09:56:01] User: alice Operation: LIST_DIRECTORIES Target: / Status: SUCCESS
[2026-09-28 09:56:01] User: alice Operation: LIST_FILES Target: / Status: SUCCESS
[2026-09-28 09:56:04] User: SERVER Operation: SERVER_INFO Target: SERVER Status: SUCCESS
[2026-09-28 09:57:15] User: SERVER Operation: SERVER_INFO Target: SERVER Status: SUCCESS
[2026-09-28 09:57:15] User: SERVER Operation: SERVER_INFO Target: SERVER Status: SUCCESS
[2026-09-28 09:57:16] User: alice Operation: LIST_DIRECTORIES Target: / Status: SUCCESS
[2026-09-28 09:57:16] User: alice Operation: LIST_FILES Target: / Status: SUCCESS
[2026-09-28 09:57:18] User: alice Operation: LOGOUT Target: alice Status: SUCCESS
[2026-09-28 09:59:35] User: alice Operation: LOGIN Target: alice Status: SUCCESS
[2026-09-28 09:59:35] User: alice Operation: LIST_DIRECTORIES Target: / Status: SUCCESS
[2026-09-28 09:59:35] User: alice Operation: LIST_FILES Target: / Status: SUCCESS
[2026-09-28 09:59:39] User: alice Operation: LIST_DIRECTORIES Target: asdm Status: SUCCESS
[2026-09-28 09:59:39] User: alice Operation: LIST_FILES Target: asdm Status: SUCCESS
[2026-09-28 09:59:40] User: alice Operation: LIST_DIRECTORIES Target: / Status: SUCCESS
[2026-09-28 09:59:40] User: alice Operation: LIST_FILES Target: / Status: SUCCESS
[2026-09-28 10:00:05] User: alice Operation: WRITE_TEXT Target: ab.txt Status: SUCCESS
[2026-09-28 10:00:06] User: alice Operation: LIST_DIRECTORIES Target: / Status: SUCCESS
[2026-09-28 10:00:06] User: alice Operation: LIST_FILES Target: / Status: SUCCESS
[2026-09-28 10:00:15] User: alice Operation: DOWNLOAD Target: ab.txt Status: SUCCESS
[2026-09-28 10:00:47] User: alice Operation: ACTIVITY_LOGS Target: alice Status: SUCCESS
[2026-09-28 10:00:52] User: alice Operation: LIST_DIRECTORIES Target: / Status: SUCCESS
[2026-09-28 10:00:52] User: alice Operation: LIST_FILES Target: / Status: SUCCESS
[2026-09-28 10:01:00] User: alice Operation: FILE_INFO Target: ab.txt Status: SUCCESS
[2026-09-28 10:01:11] User: alice Operation: DELETE Target: ab.txt Status: SUCCESS
[2026-09-28 10:01:12] User: alice Operation: LIST_DIRECTORIES Target: / Status: SUCCESS
[2026-09-28 10:01:12] User: alice Operation: LIST_FILES Target: / Status: SUCCESS
[2026-09-28 10:01:25] User: alice Operation: RENAME Target: abc.txt -> tt.txt Status: SUCCESS
[2026-09-28 10:01:27] User: alice Operation: LIST_DIRECTORIES Target: / Status: SUCCESS
[2026-09-28 10:01:27] User: alice Operation: LIST_FILES Target: / Status: SUCCESS
[2026-09-28 10:01:32] User: alice Operation: READ_TEXT Target: tt.txt Status: SUCCESS
[2026-09-28 10:01:36] User: alice Operation: WRITE_TEXT Target: tt.txt Status: SUCCESS
[2026-09-28 10:01:37] User: alice Operation: LIST_DIRECTORIES Target: / Status: SUCCESS
[2026-09-28 10:01:37] User: alice Operation: LIST_FILES Target: / Status: SUCCESS
[2026-09-28 12:46:28] User: alice Operation: LIST_DIRECTORIES Target: / Status: SUCCESS
[2026-09-28 12:46:28] User: alice Operation: LIST_FILES Target: / Status: SUCCESS
[2026-09-28 12:48:02] User: alice Operation: ACTIVITY_LOGS Target: alice Status: SUCCESS
[2026-09-28 12:48:03] User: SERVER Operation: SERVER_INFO Target: SERVER Status: SUCCESS
[2026-09-28 12:48:08] User: alice Operation: ACTIVITY_LOGS Target: alice Status: SUCCESS
[2026-09-28 12:48:14] User: alice Operation: LIST_DIRECTORIES Target: / Status: SUCCESS
[2026-09-28 12:48:14] User: alice Operation: LIST_FILES Target: / Status: SUCCESS
[2026-09-28 12:48:14] User: alice Operation: LIST_DIRECTORIES Target: asdm Status: SUCCESS
[2026-09-28 12:48:14] User: alice Operation: LIST_FILES Target: asdm Status: SUCCESS
[2026-09-28 12:48:16] User: alice Operation: LIST_DIRECTORIES Target: / Status: SUCCESS
[2026-09-28 12:48:16] User: alice Operation: LIST_FILES Target: / Status: SUCCESS
[2026-09-28 12:48:19] User: alice Operation: LIST_DIRECTORIES Target: browser-test Status: SUCCESS
[2026-09-28 12:48:19] User: alice Operation: LIST_FILES Target: browser-test Status: SUCCESS
[2026-09-28 12:48:20] User: alice Operation: LIST_DIRECTORIES Target: / Status: SUCCESS
[2026-09-28 12:48:20] User: alice Operation: LIST_FILES Target: / Status: SUCCESS
